base referer
rect $classtx__srfeuserregister__pi1.html#a1 250,7 540,33
rect $classtx__srfeuserregister__pi1.html#a3 936,108 1203,135
rect $classtx__srfeuserregister__pi1.html#a4 924,159 1215,185
rect $classtx__srfeuserregister__pi1.html#a5 940,564 1199,591
rect $classtx__srfeuserregister__pi1.html#a6 1263,463 1484,489
rect $classtx__srfeuserregister__pi1.html#a9 615,209 850,236
rect $classtx__srfeuserregister__pi1.html#a54 964,375 1175,401
rect $classtx__srfeuserregister__pi1.html#a11 266,615 524,641
rect $classtx__srfeuserregister__pi1.html#a13 274,716 516,743
rect $classtx__srfeuserregister__pi1.html#a25 619,691 846,717
rect $classtx__srfeuserregister__pi1.html#a15 274,767 516,793
rect $classtx__srfeuserregister__pi1.html#a16 590,108 875,135
rect $classtx__srfeuserregister__pi1.html#a17 252,817 538,844
rect $classtx__srfeuserregister__pi1.html#a19 598,463 867,489
rect $classtx__srfeuserregister__pi1.html#a32 299,868 491,895
rect $classtx__srfeuserregister__pi1.html#a34 251,919 539,945
rect $classtx__srfeuserregister__pi1.html#a36 260,969 530,996
rect $classtx__srfeuserregister__pi1.html#a39 607,361 858,388
rect $classtx__srfeuserregister__pi1.html#a42 278,1020 512,1047
rect $classtx__srfeuserregister__pi1.html#a43 267,311 523,337
rect $classtx__srfeuserregister__pi1.html#a46 260,1071 530,1097
rect $classtx__srfeuserregister__pi1.html#a49 299,1121 491,1148
rect $classtx__srfeuserregister__pi1.html#a51 275,260 515,287
rect $classtx__srfeuserregister__pi1.html#a53 267,1172 523,1199
rect $classtx__srfeuserregister__pi1.html#a56 287,1223 503,1249
rect $classtx__srfeuserregister__pi1.html#a57 264,1273 526,1300
rect $classtx__srfeuserregister__pi1.html#a61 278,1324 512,1351
